// Jest Snapshot v1, https://goo.gl/fbAQLP

exports[`ImportFileButton tests Renders a matching snapshot 1`] = `
<React.Fragment>
  <input
    className="hidden"
    id="file"
    onChange={[Function]}
    type="file"
  />
  <DarkButton
    onClick={[Function]}
  >
    Select File
  </DarkButton>
</React.Fragment>
`;
