// Jest Snapshot v1, https://goo.gl/fbAQLP

exports[`MediaUploader tests Renders a matching snapshot 1`] = `
<React.Fragment>
  <label
    htmlFor="atlas-content-modeler[goose][photo]"
  >
    Photo
  </label>
  <div>
    
    <div
      className="d-flex flex-row align-items-center media-btns"
    >
      <div>
        <DarkButton
          data-testid="feature-image-button"
          onClick={[Function]}
          style={
            Object {
              "marginTop": "5px",
            }
          }
        >
          Upload Media
        </DarkButton>
        <p
          className="text-muted"
        >
          Accepts file types
          : 
          JPEG, JPG, PDF
        </p>
      </div>
      
    </div>
    <input
      className="hidden"
      id="atlas-content-modeler[goose][photo]"
      name="atlas-content-modeler[goose][photo]"
      onChange={[Function]}
      required={false}
      type="text"
      value="100"
    />
    <span
      className="error"
    >
      <Icon
        type="error"
      />
      <span
        role="alert"
      >
        This field is required
      </span>
    </span>
  </div>
</React.Fragment>
`;
