// Jest Snapshot v1, https://goo.gl/fbAQLP

exports[`SoloRichText renders a matching snapshot 1`] = `
Array [
  <label
    htmlFor="atlas-content-modeler[cats][name]"
  >
    Name
  </label>,
  <p
    className="help mb-4"
  >
    The cat's real name.
  </p>,
  <textarea
    defaultValue="Kahn The Destroyer"
    id="field-123"
    name="atlas-content-modeler[cats][name]"
  />,
]
`;
