// Jest Snapshot v1, https://goo.gl/fbAQLP

exports[`App Renders a matching snapshot 1`] = `
<div
  className="app atlas-content-modeler"
>
  <div
    className="Toastify"
  />
  <div
    className="css-1y92ofa-Card"
  >
    <section
      className="flex-wrap d-flex flex-column d-sm-flex flex-sm-row css-1pjtado-Header"
    >
      <h2>
        Content Models
      </h2>
      <button
        className="css-1cfhljd-Button"
        data-testid="new-model-button"
        onClick={[Function]}
      >
        New Model
      </button>
    </section>
    <section
      className="card-content"
    >
      <ul
        className="model-list"
      >
        <li>
          <a
            aria-label="Edit Turtles content model"
            className="flex-wrap d-flex flex-column d-sm-flex flex-sm-row"
            href="/wp-admin/admin.php?page=atlas-content-modeler&view=edit-model&id=turtle"
            onClick={[Function]}
          >
            <span
              className="flex-item mb-3 mb-sm-0 pr-1"
            >
              <p
                className="label"
              >
                Name
              </p>
              <p
                className="value"
              >
                <strong>
                  Turtles
                </strong>
              </p>
            </span>
            <span
              className="flex-item mb-3 mb-sm-0 pr-1"
            >
              <p
                className="label"
              >
                Description
              </p>
              <p
                className="value"
              >
                
              </p>
            </span>
            <span
              className="flex-item"
            >
              <p
                className="label"
              >
                Fields
              </p>
              <p
                className="value"
              >
                6
              </p>
            </span>
          </a>
          <div>
            <span
              className="css-yw6dxx-Dropdown"
            >
              <button
                aria-label="Options for Turtles content model"
                className="options"
                onBlur={[Function]}
                onClick={[Function]}
              >
                <svg
                  className="options"
                  fill="none"
                  height="4"
                  viewBox="0 0 16 4"
                  width="16"
                  xmlns="http://www.w3.org/2000/svg"
                >
                  <path
                    d="M3.79995 1.99995C3.79995 2.99406 2.99406 3.79995 1.99995 3.79995C1.00584 3.79995 0.199951 2.99406 0.199951 1.99995C0.199951 1.00584 1.00584 0.199951 1.99995 0.199951C2.99406 0.199951 3.79995 1.00584 3.79995 1.99995Z"
                    fill="#002838"
                  />
                  <path
                    d="M9.79995 1.99995C9.79995 2.99406 8.99406 3.79995 7.99995 3.79995C7.00584 3.79995 6.19995 2.99406 6.19995 1.99995C6.19995 1.00584 7.00584 0.199951 7.99995 0.199951C8.99406 0.199951 9.79995 1.00584 9.79995 1.99995Z"
                    fill="#002838"
                  />
                  <path
                    d="M14 3.79995C14.9941 3.79995 15.8 2.99406 15.8 1.99995C15.8 1.00584 14.9941 0.199951 14 0.199951C13.0058 0.199951 12.2 1.00584 12.2 1.99995C12.2 2.99406 13.0058 3.79995 14 3.79995Z"
                    fill="#002838"
                  />
                </svg>
              </button>
              <div
                className="dropdown-content hidden"
              >
                <a
                  className="add-new-entry"
                  href="/wp-admin/post-new.php?post_type=turtle"
                  onBlur={[Function]}
                  rel="noopener noreferrer"
                  target="_blank"
                >
                  Add New Entry
                </a>
                <a
                  className="edit"
                  href="#"
                  onBlur={[Function]}
                  onClick={[Function]}
                >
                  Edit
                </a>
                
                <a
                  className="delete"
                  href="#"
                  onBlur={[Function]}
                  onClick={[Function]}
                >
                  Delete
                </a>
              </div>
            </span>
          </div>
        </li>
        <li>
          <a
            aria-label="Edit Rodents content model"
            className="flex-wrap d-flex flex-column d-sm-flex flex-sm-row"
            href="/wp-admin/admin.php?page=atlas-content-modeler&view=edit-model&id=rodent"
            onClick={[Function]}
          >
            <span
              className="flex-item mb-3 mb-sm-0 pr-1"
            >
              <p
                className="label"
              >
                Name
              </p>
              <p
                className="value"
              >
                <strong>
                  Rodents
                </strong>
              </p>
            </span>
            <span
              className="flex-item mb-3 mb-sm-0 pr-1"
            >
              <p
                className="label"
              >
                Description
              </p>
              <p
                className="value"
              >
                
              </p>
            </span>
            <span
              className="flex-item"
            >
              <p
                className="label"
              >
                Fields
              </p>
              <p
                className="value"
              >
                2
              </p>
            </span>
          </a>
          <div>
            <span
              className="css-yw6dxx-Dropdown"
            >
              <button
                aria-label="Options for Rodents content model"
                className="options"
                onBlur={[Function]}
                onClick={[Function]}
              >
                <svg
                  className="options"
                  fill="none"
                  height="4"
                  viewBox="0 0 16 4"
                  width="16"
                  xmlns="http://www.w3.org/2000/svg"
                >
                  <path
                    d="M3.79995 1.99995C3.79995 2.99406 2.99406 3.79995 1.99995 3.79995C1.00584 3.79995 0.199951 2.99406 0.199951 1.99995C0.199951 1.00584 1.00584 0.199951 1.99995 0.199951C2.99406 0.199951 3.79995 1.00584 3.79995 1.99995Z"
                    fill="#002838"
                  />
                  <path
                    d="M9.79995 1.99995C9.79995 2.99406 8.99406 3.79995 7.99995 3.79995C7.00584 3.79995 6.19995 2.99406 6.19995 1.99995C6.19995 1.00584 7.00584 0.199951 7.99995 0.199951C8.99406 0.199951 9.79995 1.00584 9.79995 1.99995Z"
                    fill="#002838"
                  />
                  <path
                    d="M14 3.79995C14.9941 3.79995 15.8 2.99406 15.8 1.99995C15.8 1.00584 14.9941 0.199951 14 0.199951C13.0058 0.199951 12.2 1.00584 12.2 1.99995C12.2 2.99406 13.0058 3.79995 14 3.79995Z"
                    fill="#002838"
                  />
                </svg>
              </button>
              <div
                className="dropdown-content hidden"
              >
                <a
                  className="add-new-entry"
                  href="/wp-admin/post-new.php?post_type=rodent"
                  onBlur={[Function]}
                  rel="noopener noreferrer"
                  target="_blank"
                >
                  Add New Entry
                </a>
                <a
                  className="edit"
                  href="#"
                  onBlur={[Function]}
                  onClick={[Function]}
                >
                  Edit
                </a>
                
                <a
                  className="delete"
                  href="#"
                  onBlur={[Function]}
                  onClick={[Function]}
                >
                  Delete
                </a>
              </div>
            </span>
          </div>
        </li>
        <li>
          <a
            aria-label="Edit Foods content model"
            className="flex-wrap d-flex flex-column d-sm-flex flex-sm-row"
            href="/wp-admin/admin.php?page=atlas-content-modeler&view=edit-model&id=food"
            onClick={[Function]}
          >
            <span
              className="flex-item mb-3 mb-sm-0 pr-1"
            >
              <p
                className="label"
              >
                Name
              </p>
              <p
                className="value"
              >
                <strong>
                  Foods
                </strong>
              </p>
            </span>
            <span
              className="flex-item mb-3 mb-sm-0 pr-1"
            >
              <p
                className="label"
              >
                Description
              </p>
              <p
                className="value"
              >
                
              </p>
            </span>
            <span
              className="flex-item"
            >
              <p
                className="label"
              >
                Fields
              </p>
              <p
                className="value"
              >
                1
              </p>
            </span>
          </a>
          <div>
            <span
              className="css-yw6dxx-Dropdown"
            >
              <button
                aria-label="Options for Foods content model"
                className="options"
                onBlur={[Function]}
                onClick={[Function]}
              >
                <svg
                  className="options"
                  fill="none"
                  height="4"
                  viewBox="0 0 16 4"
                  width="16"
                  xmlns="http://www.w3.org/2000/svg"
                >
                  <path
                    d="M3.79995 1.99995C3.79995 2.99406 2.99406 3.79995 1.99995 3.79995C1.00584 3.79995 0.199951 2.99406 0.199951 1.99995C0.199951 1.00584 1.00584 0.199951 1.99995 0.199951C2.99406 0.199951 3.79995 1.00584 3.79995 1.99995Z"
                    fill="#002838"
                  />
                  <path
                    d="M9.79995 1.99995C9.79995 2.99406 8.99406 3.79995 7.99995 3.79995C7.00584 3.79995 6.19995 2.99406 6.19995 1.99995C6.19995 1.00584 7.00584 0.199951 7.99995 0.199951C8.99406 0.199951 9.79995 1.00584 9.79995 1.99995Z"
                    fill="#002838"
                  />
                  <path
                    d="M14 3.79995C14.9941 3.79995 15.8 2.99406 15.8 1.99995C15.8 1.00584 14.9941 0.199951 14 0.199951C13.0058 0.199951 12.2 1.00584 12.2 1.99995C12.2 2.99406 13.0058 3.79995 14 3.79995Z"
                    fill="#002838"
                  />
                </svg>
              </button>
              <div
                className="dropdown-content hidden"
              >
                <a
                  className="add-new-entry"
                  href="/wp-admin/post-new.php?post_type=food"
                  onBlur={[Function]}
                  rel="noopener noreferrer"
                  target="_blank"
                >
                  Add New Entry
                </a>
                <a
                  className="edit"
                  href="#"
                  onBlur={[Function]}
                  onClick={[Function]}
                >
                  Edit
                </a>
                
                <a
                  className="delete"
                  href="#"
                  onBlur={[Function]}
                  onClick={[Function]}
                >
                  Delete
                </a>
              </div>
            </span>
          </div>
        </li>
        <li>
          <a
            aria-label="Edit Villains content model"
            className="flex-wrap d-flex flex-column d-sm-flex flex-sm-row"
            href="/wp-admin/admin.php?page=atlas-content-modeler&view=edit-model&id=villain"
            onClick={[Function]}
          >
            <span
              className="flex-item mb-3 mb-sm-0 pr-1"
            >
              <p
                className="label"
              >
                Name
              </p>
              <p
                className="value"
              >
                <strong>
                  Villains
                </strong>
              </p>
            </span>
            <span
              className="flex-item mb-3 mb-sm-0 pr-1"
            >
              <p
                className="label"
              >
                Description
              </p>
              <p
                className="value"
              >
                
              </p>
            </span>
            <span
              className="flex-item"
            >
              <p
                className="label"
              >
                Fields
              </p>
              <p
                className="value"
              >
                1
              </p>
            </span>
          </a>
          <div>
            <span
              className="css-yw6dxx-Dropdown"
            >
              <button
                aria-label="Options for Villains content model"
                className="options"
                onBlur={[Function]}
                onClick={[Function]}
              >
                <svg
                  className="options"
                  fill="none"
                  height="4"
                  viewBox="0 0 16 4"
                  width="16"
                  xmlns="http://www.w3.org/2000/svg"
                >
                  <path
                    d="M3.79995 1.99995C3.79995 2.99406 2.99406 3.79995 1.99995 3.79995C1.00584 3.79995 0.199951 2.99406 0.199951 1.99995C0.199951 1.00584 1.00584 0.199951 1.99995 0.199951C2.99406 0.199951 3.79995 1.00584 3.79995 1.99995Z"
                    fill="#002838"
                  />
                  <path
                    d="M9.79995 1.99995C9.79995 2.99406 8.99406 3.79995 7.99995 3.79995C7.00584 3.79995 6.19995 2.99406 6.19995 1.99995C6.19995 1.00584 7.00584 0.199951 7.99995 0.199951C8.99406 0.199951 9.79995 1.00584 9.79995 1.99995Z"
                    fill="#002838"
                  />
                  <path
                    d="M14 3.79995C14.9941 3.79995 15.8 2.99406 15.8 1.99995C15.8 1.00584 14.9941 0.199951 14 0.199951C13.0058 0.199951 12.2 1.00584 12.2 1.99995C12.2 2.99406 13.0058 3.79995 14 3.79995Z"
                    fill="#002838"
                  />
                </svg>
              </button>
              <div
                className="dropdown-content hidden"
              >
                <a
                  className="add-new-entry"
                  href="/wp-admin/post-new.php?post_type=villain"
                  onBlur={[Function]}
                  rel="noopener noreferrer"
                  target="_blank"
                >
                  Add New Entry
                </a>
                <a
                  className="edit"
                  href="#"
                  onBlur={[Function]}
                  onClick={[Function]}
                >
                  Edit
                </a>
                
                <a
                  className="delete"
                  href="#"
                  onBlur={[Function]}
                  onClick={[Function]}
                >
                  Delete
                </a>
              </div>
            </span>
          </div>
        </li>
        <li>
          <a
            aria-label="Edit People content model"
            className="flex-wrap d-flex flex-column d-sm-flex flex-sm-row"
            href="/wp-admin/admin.php?page=atlas-content-modeler&view=edit-model&id=person"
            onClick={[Function]}
          >
            <span
              className="flex-item mb-3 mb-sm-0 pr-1"
            >
              <p
                className="label"
              >
                Name
              </p>
              <p
                className="value"
              >
                <strong>
                  People
                </strong>
              </p>
            </span>
            <span
              className="flex-item mb-3 mb-sm-0 pr-1"
            >
              <p
                className="label"
              >
                Description
              </p>
              <p
                className="value"
              >
                
              </p>
            </span>
            <span
              className="flex-item"
            >
              <p
                className="label"
              >
                Fields
              </p>
              <p
                className="value"
              >
                2
              </p>
            </span>
          </a>
          <div>
            <span
              className="css-yw6dxx-Dropdown"
            >
              <button
                aria-label="Options for People content model"
                className="options"
                onBlur={[Function]}
                onClick={[Function]}
              >
                <svg
                  className="options"
                  fill="none"
                  height="4"
                  viewBox="0 0 16 4"
                  width="16"
                  xmlns="http://www.w3.org/2000/svg"
                >
                  <path
                    d="M3.79995 1.99995C3.79995 2.99406 2.99406 3.79995 1.99995 3.79995C1.00584 3.79995 0.199951 2.99406 0.199951 1.99995C0.199951 1.00584 1.00584 0.199951 1.99995 0.199951C2.99406 0.199951 3.79995 1.00584 3.79995 1.99995Z"
                    fill="#002838"
                  />
                  <path
                    d="M9.79995 1.99995C9.79995 2.99406 8.99406 3.79995 7.99995 3.79995C7.00584 3.79995 6.19995 2.99406 6.19995 1.99995C6.19995 1.00584 7.00584 0.199951 7.99995 0.199951C8.99406 0.199951 9.79995 1.00584 9.79995 1.99995Z"
                    fill="#002838"
                  />
                  <path
                    d="M14 3.79995C14.9941 3.79995 15.8 2.99406 15.8 1.99995C15.8 1.00584 14.9941 0.199951 14 0.199951C13.0058 0.199951 12.2 1.00584 12.2 1.99995C12.2 2.99406 13.0058 3.79995 14 3.79995Z"
                    fill="#002838"
                  />
                </svg>
              </button>
              <div
                className="dropdown-content hidden"
              >
                <a
                  className="add-new-entry"
                  href="/wp-admin/post-new.php?post_type=person"
                  onBlur={[Function]}
                  rel="noopener noreferrer"
                  target="_blank"
                >
                  Add New Entry
                </a>
                <a
                  className="edit"
                  href="#"
                  onBlur={[Function]}
                  onClick={[Function]}
                >
                  Edit
                </a>
                
                <a
                  className="delete"
                  href="#"
                  onBlur={[Function]}
                  onClick={[Function]}
                >
                  Delete
                </a>
              </div>
            </span>
          </div>
        </li>
        <li>
          <a
            aria-label="Edit Pizzas content model"
            className="flex-wrap d-flex flex-column d-sm-flex flex-sm-row"
            href="/wp-admin/admin.php?page=atlas-content-modeler&view=edit-model&id=pizza"
            onClick={[Function]}
          >
            <span
              className="flex-item mb-3 mb-sm-0 pr-1"
            >
              <p
                className="label"
              >
                Name
              </p>
              <p
                className="value"
              >
                <strong>
                  Pizzas
                </strong>
              </p>
            </span>
            <span
              className="flex-item mb-3 mb-sm-0 pr-1"
            >
              <p
                className="label"
              >
                Description
              </p>
              <p
                className="value"
              >
                
              </p>
            </span>
            <span
              className="flex-item"
            >
              <p
                className="label"
              >
                Fields
              </p>
              <p
                className="value"
              >
                1
              </p>
            </span>
          </a>
          <div>
            <span
              className="css-yw6dxx-Dropdown"
            >
              <button
                aria-label="Options for Pizzas content model"
                className="options"
                onBlur={[Function]}
                onClick={[Function]}
              >
                <svg
                  className="options"
                  fill="none"
                  height="4"
                  viewBox="0 0 16 4"
                  width="16"
                  xmlns="http://www.w3.org/2000/svg"
                >
                  <path
                    d="M3.79995 1.99995C3.79995 2.99406 2.99406 3.79995 1.99995 3.79995C1.00584 3.79995 0.199951 2.99406 0.199951 1.99995C0.199951 1.00584 1.00584 0.199951 1.99995 0.199951C2.99406 0.199951 3.79995 1.00584 3.79995 1.99995Z"
                    fill="#002838"
                  />
                  <path
                    d="M9.79995 1.99995C9.79995 2.99406 8.99406 3.79995 7.99995 3.79995C7.00584 3.79995 6.19995 2.99406 6.19995 1.99995C6.19995 1.00584 7.00584 0.199951 7.99995 0.199951C8.99406 0.199951 9.79995 1.00584 9.79995 1.99995Z"
                    fill="#002838"
                  />
                  <path
                    d="M14 3.79995C14.9941 3.79995 15.8 2.99406 15.8 1.99995C15.8 1.00584 14.9941 0.199951 14 0.199951C13.0058 0.199951 12.2 1.00584 12.2 1.99995C12.2 2.99406 13.0058 3.79995 14 3.79995Z"
                    fill="#002838"
                  />
                </svg>
              </button>
              <div
                className="dropdown-content hidden"
              >
                <a
                  className="add-new-entry"
                  href="/wp-admin/post-new.php?post_type=pizza"
                  onBlur={[Function]}
                  rel="noopener noreferrer"
                  target="_blank"
                >
                  Add New Entry
                </a>
                <a
                  className="edit"
                  href="#"
                  onBlur={[Function]}
                  onClick={[Function]}
                >
                  Edit
                </a>
                
                <a
                  className="delete"
                  href="#"
                  onBlur={[Function]}
                  onClick={[Function]}
                >
                  Delete
                </a>
              </div>
            </span>
          </div>
        </li>
        <li>
          <a
            aria-label="Edit Cities content model"
            className="flex-wrap d-flex flex-column d-sm-flex flex-sm-row"
            href="/wp-admin/admin.php?page=atlas-content-modeler&view=edit-model&id=city"
            onClick={[Function]}
          >
            <span
              className="flex-item mb-3 mb-sm-0 pr-1"
            >
              <p
                className="label"
              >
                Name
              </p>
              <p
                className="value"
              >
                <strong>
                  Cities
                </strong>
              </p>
            </span>
            <span
              className="flex-item mb-3 mb-sm-0 pr-1"
            >
              <p
                className="label"
              >
                Description
              </p>
              <p
                className="value"
              >
                
              </p>
            </span>
            <span
              className="flex-item"
            >
              <p
                className="label"
              >
                Fields
              </p>
              <p
                className="value"
              >
                1
              </p>
            </span>
          </a>
          <div>
            <span
              className="css-yw6dxx-Dropdown"
            >
              <button
                aria-label="Options for Cities content model"
                className="options"
                onBlur={[Function]}
                onClick={[Function]}
              >
                <svg
                  className="options"
                  fill="none"
                  height="4"
                  viewBox="0 0 16 4"
                  width="16"
                  xmlns="http://www.w3.org/2000/svg"
                >
                  <path
                    d="M3.79995 1.99995C3.79995 2.99406 2.99406 3.79995 1.99995 3.79995C1.00584 3.79995 0.199951 2.99406 0.199951 1.99995C0.199951 1.00584 1.00584 0.199951 1.99995 0.199951C2.99406 0.199951 3.79995 1.00584 3.79995 1.99995Z"
                    fill="#002838"
                  />
                  <path
                    d="M9.79995 1.99995C9.79995 2.99406 8.99406 3.79995 7.99995 3.79995C7.00584 3.79995 6.19995 2.99406 6.19995 1.99995C6.19995 1.00584 7.00584 0.199951 7.99995 0.199951C8.99406 0.199951 9.79995 1.00584 9.79995 1.99995Z"
                    fill="#002838"
                  />
                  <path
                    d="M14 3.79995C14.9941 3.79995 15.8 2.99406 15.8 1.99995C15.8 1.00584 14.9941 0.199951 14 0.199951C13.0058 0.199951 12.2 1.00584 12.2 1.99995C12.2 2.99406 13.0058 3.79995 14 3.79995Z"
                    fill="#002838"
                  />
                </svg>
              </button>
              <div
                className="dropdown-content hidden"
              >
                <a
                  className="add-new-entry"
                  href="/wp-admin/post-new.php?post_type=city"
                  onBlur={[Function]}
                  rel="noopener noreferrer"
                  target="_blank"
                >
                  Add New Entry
                </a>
                <a
                  className="edit"
                  href="#"
                  onBlur={[Function]}
                  onClick={[Function]}
                >
                  Edit
                </a>
                
                <a
                  className="delete"
                  href="#"
                  onBlur={[Function]}
                  onClick={[Function]}
                >
                  Delete
                </a>
              </div>
            </span>
          </div>
        </li>
        <li>
          <a
            aria-label="Edit Rats content model"
            className="flex-wrap d-flex flex-column d-sm-flex flex-sm-row"
            href="/wp-admin/admin.php?page=atlas-content-modeler&view=edit-model&id=rat"
            onClick={[Function]}
          >
            <span
              className="flex-item mb-3 mb-sm-0 pr-1"
            >
              <p
                className="label"
              >
                Name
              </p>
              <p
                className="value"
              >
                <strong>
                  Rats
                </strong>
              </p>
            </span>
            <span
              className="flex-item mb-3 mb-sm-0 pr-1"
            >
              <p
                className="label"
              >
                Description
              </p>
              <p
                className="value"
              >
                
              </p>
            </span>
            <span
              className="flex-item"
            >
              <p
                className="label"
              >
                Fields
              </p>
              <p
                className="value"
              >
                1
              </p>
            </span>
          </a>
          <div>
            <span
              className="css-yw6dxx-Dropdown"
            >
              <button
                aria-label="Options for Rats content model"
                className="options"
                onBlur={[Function]}
                onClick={[Function]}
              >
                <svg
                  className="options"
                  fill="none"
                  height="4"
                  viewBox="0 0 16 4"
                  width="16"
                  xmlns="http://www.w3.org/2000/svg"
                >
                  <path
                    d="M3.79995 1.99995C3.79995 2.99406 2.99406 3.79995 1.99995 3.79995C1.00584 3.79995 0.199951 2.99406 0.199951 1.99995C0.199951 1.00584 1.00584 0.199951 1.99995 0.199951C2.99406 0.199951 3.79995 1.00584 3.79995 1.99995Z"
                    fill="#002838"
                  />
                  <path
                    d="M9.79995 1.99995C9.79995 2.99406 8.99406 3.79995 7.99995 3.79995C7.00584 3.79995 6.19995 2.99406 6.19995 1.99995C6.19995 1.00584 7.00584 0.199951 7.99995 0.199951C8.99406 0.199951 9.79995 1.00584 9.79995 1.99995Z"
                    fill="#002838"
                  />
                  <path
                    d="M14 3.79995C14.9941 3.79995 15.8 2.99406 15.8 1.99995C15.8 1.00584 14.9941 0.199951 14 0.199951C13.0058 0.199951 12.2 1.00584 12.2 1.99995C12.2 2.99406 13.0058 3.79995 14 3.79995Z"
                    fill="#002838"
                  />
                </svg>
              </button>
              <div
                className="dropdown-content hidden"
              >
                <a
                  className="add-new-entry"
                  href="/wp-admin/post-new.php?post_type=rat"
                  onBlur={[Function]}
                  rel="noopener noreferrer"
                  target="_blank"
                >
                  Add New Entry
                </a>
                <a
                  className="edit"
                  href="#"
                  onBlur={[Function]}
                  onClick={[Function]}
                >
                  Edit
                </a>
                
                <a
                  className="delete"
                  href="#"
                  onBlur={[Function]}
                  onClick={[Function]}
                >
                  Delete
                </a>
              </div>
            </span>
          </div>
        </li>
        <li>
          <a
            aria-label="Edit Cheeses content model"
            className="flex-wrap d-flex flex-column d-sm-flex flex-sm-row"
            href="/wp-admin/admin.php?page=atlas-content-modeler&view=edit-model&id=cheese"
            onClick={[Function]}
          >
            <span
              className="flex-item mb-3 mb-sm-0 pr-1"
            >
              <p
                className="label"
              >
                Name
              </p>
              <p
                className="value"
              >
                <strong>
                  Cheeses
                </strong>
              </p>
            </span>
            <span
              className="flex-item mb-3 mb-sm-0 pr-1"
            >
              <p
                className="label"
              >
                Description
              </p>
              <p
                className="value"
              >
                
              </p>
            </span>
            <span
              className="flex-item"
            >
              <p
                className="label"
              >
                Fields
              </p>
              <p
                className="value"
              >
                0
              </p>
            </span>
          </a>
          <div>
            <span
              className="css-yw6dxx-Dropdown"
            >
              <button
                aria-label="Options for Cheeses content model"
                className="options"
                onBlur={[Function]}
                onClick={[Function]}
              >
                <svg
                  className="options"
                  fill="none"
                  height="4"
                  viewBox="0 0 16 4"
                  width="16"
                  xmlns="http://www.w3.org/2000/svg"
                >
                  <path
                    d="M3.79995 1.99995C3.79995 2.99406 2.99406 3.79995 1.99995 3.79995C1.00584 3.79995 0.199951 2.99406 0.199951 1.99995C0.199951 1.00584 1.00584 0.199951 1.99995 0.199951C2.99406 0.199951 3.79995 1.00584 3.79995 1.99995Z"
                    fill="#002838"
                  />
                  <path
                    d="M9.79995 1.99995C9.79995 2.99406 8.99406 3.79995 7.99995 3.79995C7.00584 3.79995 6.19995 2.99406 6.19995 1.99995C6.19995 1.00584 7.00584 0.199951 7.99995 0.199951C8.99406 0.199951 9.79995 1.00584 9.79995 1.99995Z"
                    fill="#002838"
                  />
                  <path
                    d="M14 3.79995C14.9941 3.79995 15.8 2.99406 15.8 1.99995C15.8 1.00584 14.9941 0.199951 14 0.199951C13.0058 0.199951 12.2 1.00584 12.2 1.99995C12.2 2.99406 13.0058 3.79995 14 3.79995Z"
                    fill="#002838"
                  />
                </svg>
              </button>
              <div
                className="dropdown-content hidden"
              >
                <a
                  className="add-new-entry"
                  href="/wp-admin/post-new.php?post_type=cheese"
                  onBlur={[Function]}
                  rel="noopener noreferrer"
                  target="_blank"
                >
                  Add New Entry
                </a>
                <a
                  className="edit"
                  href="#"
                  onBlur={[Function]}
                  onClick={[Function]}
                >
                  Edit
                </a>
                
                <a
                  className="delete"
                  href="#"
                  onBlur={[Function]}
                  onClick={[Function]}
                >
                  Delete
                </a>
              </div>
            </span>
          </div>
        </li>
        <li>
          <a
            aria-label="Edit Poos content model"
            className="flex-wrap d-flex flex-column d-sm-flex flex-sm-row"
            href="/wp-admin/admin.php?page=atlas-content-modeler&view=edit-model&id=poo"
            onClick={[Function]}
          >
            <span
              className="flex-item mb-3 mb-sm-0 pr-1"
            >
              <p
                className="label"
              >
                Name
              </p>
              <p
                className="value"
              >
                <strong>
                  Poos
                </strong>
              </p>
            </span>
            <span
              className="flex-item mb-3 mb-sm-0 pr-1"
            >
              <p
                className="label"
              >
                Description
              </p>
              <p
                className="value"
              >
                
              </p>
            </span>
            <span
              className="flex-item"
            >
              <p
                className="label"
              >
                Fields
              </p>
              <p
                className="value"
              >
                0
              </p>
            </span>
          </a>
          <div>
            <span
              className="css-yw6dxx-Dropdown"
            >
              <button
                aria-label="Options for Poos content model"
                className="options"
                onBlur={[Function]}
                onClick={[Function]}
              >
                <svg
                  className="options"
                  fill="none"
                  height="4"
                  viewBox="0 0 16 4"
                  width="16"
                  xmlns="http://www.w3.org/2000/svg"
                >
                  <path
                    d="M3.79995 1.99995C3.79995 2.99406 2.99406 3.79995 1.99995 3.79995C1.00584 3.79995 0.199951 2.99406 0.199951 1.99995C0.199951 1.00584 1.00584 0.199951 1.99995 0.199951C2.99406 0.199951 3.79995 1.00584 3.79995 1.99995Z"
                    fill="#002838"
                  />
                  <path
                    d="M9.79995 1.99995C9.79995 2.99406 8.99406 3.79995 7.99995 3.79995C7.00584 3.79995 6.19995 2.99406 6.19995 1.99995C6.19995 1.00584 7.00584 0.199951 7.99995 0.199951C8.99406 0.199951 9.79995 1.00584 9.79995 1.99995Z"
                    fill="#002838"
                  />
                  <path
                    d="M14 3.79995C14.9941 3.79995 15.8 2.99406 15.8 1.99995C15.8 1.00584 14.9941 0.199951 14 0.199951C13.0058 0.199951 12.2 1.00584 12.2 1.99995C12.2 2.99406 13.0058 3.79995 14 3.79995Z"
                    fill="#002838"
                  />
                </svg>
              </button>
              <div
                className="dropdown-content hidden"
              >
                <a
                  className="add-new-entry"
                  href="/wp-admin/post-new.php?post_type=poo"
                  onBlur={[Function]}
                  rel="noopener noreferrer"
                  target="_blank"
                >
                  Add New Entry
                </a>
                <a
                  className="edit"
                  href="#"
                  onBlur={[Function]}
                  onClick={[Function]}
                >
                  Edit
                </a>
                
                <a
                  className="delete"
                  href="#"
                  onBlur={[Function]}
                  onClick={[Function]}
                >
                  Delete
                </a>
              </div>
            </span>
          </div>
        </li>
      </ul>
    </section>
  </div>
</div>
`;
