// Jest Snapshot v1, https://goo.gl/fbAQLP

exports[`App Renders a matching snapshot 1`] = `
<div
  className="app atlas-content-modeler"
>
  <div
    className="Toastify"
  />
  <div
    className="css-1y92ofa-Card"
  >
    <section
      className="flex-wrap d-flex flex-column d-sm-flex flex-sm-row css-1pjtado-Header"
    >
      <h2>
        Content Models
      </h2>
    </section>
    <section
      className="card-content"
    >
      <div
        className="model-list-empty"
      >
        <p>
          You currently have no Content Models.
        </p>
        <button
          className="css-1cfhljd-Button"
          onClick={[Function]}
        >
          Get Started
        </button>
      </div>
    </section>
  </div>
</div>
`;
