// Jest Snapshot v1, https://goo.gl/fbAQLP

exports[`CreateContentModel tests Renders a matching snapshot 1`] = `
<div
  className="app-card"
>
  <section
    className="heading"
  >
    <h2>
      New Content Model
    </h2>
    <a
      href="/wp-admin/admin.php?page=atlas-content-modeler"
      onClick={[Function]}
    >
      <button
        className="tertiary"
      >
        View All Models
      </button>
    </a>
  </section>
  <section
    className="card-content"
  >
    <form
      onSubmit={[Function]}
    >
      <div>
        <label
          htmlFor="singular"
        >
          Singular Name
        </label>
        <br />
        <p
          className="help"
        >
          Singular display name for your content model, e.g. "Rabbit".
        </p>
        <input
          id="singular"
          name="singular"
          onChange={[Function]}
          placeholder="Rabbit"
        />
        <p
          className="limit"
        >
          0
          /50
        </p>
      </div>
      <div>
        <label
          htmlFor="plural"
        >
          Plural Name
        </label>
        <br />
        <p
          className="help"
        >
          Plural display name for your content model, e.g. "Rabbits".
        </p>
        <input
          id="plural"
          name="plural"
          onChange={[Function]}
          placeholder="Rabbits"
        />
        <p
          className="limit"
        >
          0
          /50
        </p>
      </div>
      <div>
        <label
          htmlFor="postTypeSlug"
        >
          API Identifier
        </label>
        <br />
        <p
          className="help"
        >
          Auto-generated and used for API requests.
        </p>
        <input
          id="postTypeSlug"
          name="postTypeSlug"
          readOnly="readOnly"
        />
      </div>
      <div>
        <label
          htmlFor="description"
        >
          Description
        </label>
        <br />
        <p
          className="help"
        >
          A hint for content editors and API users.
        </p>
        <textarea
          id="description"
          name="description"
          onChange={[Function]}
        />
        <p
          className="limit"
        >
          0
          /250
        </p>
      </div>
      <button
        className="primary first"
        type="submit"
      >
        Create
      </button>
      <a
        href="/wp-admin/admin.php?page=atlas-content-modeler"
        onClick={[Function]}
      >
        <button
          className="tertiary"
        >
          Cancel
        </button>
      </a>
    </form>
  </section>
</div>
`;
